// Jest Snapshot v1, https://goo.gl/fbAQLP

exports[`UserBlock renders correctly 1`] = `
<a
  className="header__nav-link header__nav-link--profile"
  href="/signin"
  onClick={[Function]}
>
  <div
    className="header__avatar-wrapper user__avatar-wrapper"
  />
  <span
    className="header__user-name user__name"
  >
    Sign In
  </span>
</a>
`;
